// Jest Snapshot v1, https://goo.gl/fbAQLP

exports[`LocalLogin render 1`] = `
<div>
  <div
    class="layout"
  >
    <div
      class="cardColumn"
    >
      <div
        class="card"
      >
        <div
          class="signin"
        >
          <div
            class="header"
          >
            <img
              alt="Harness"
              class="logo"
              src="test-file-stub"
              width="120"
            />
            <div
              style="flex: 1;"
            />
            <a
              href="/signin"
            >
              <span
                class="text"
              >
                <img
                  class="icon"
                  height="16"
                  src="test-file-stub"
                  width="16"
                />
                Main Sign In
              </span>
            </a>
          </div>
          <div
            class="title"
          >
            Local Login
          </div>
          <div
            class="subtitle"
          />
          <form
            class="layout-vertical spacing-medium"
          >
            <div
              class="layout-vertical spacing-small field"
            >
              <label>
                Email
              </label>
              <input
                class=""
                id="email"
                name="email"
                placeholder="email@work.com"
                type="email"
                value=""
              />
            </div>
            <div
              class="layout-vertical spacing-small field"
            >
              <label>
                Password
              </label>
              <input
                class=""
                id="password"
                name="password"
                type="password"
                value=""
              />
            </div>
            <input
              class="button primary"
              type="submit"
              value="Sign In"
            />
          </form>
        </div>
      </div>
    </div>
    <div
      class="imageColumn"
    >
      <img
        alt=""
        aria-hidden="true"
        class="image"
        src="test-file-stub"
      />
    </div>
  </div>
</div>
`;
